go : # github.com/akashtripathi12/TBO_Backend/internal/handlers_test 
[github.com/akashtripathi12/TBO_Backend/internal/handlers.test]
At line:1 char:1
+ go test -v ./internal/handlers/... > test_output.txt 2>&1
+ ~~~~~~~~~~~~~~~~~~~~~~~~~~~~~~~~~~~~~~~~~~~~~~~~~~~~~~~~~
    + CategoryInfo          : NotSpecified: (# github.com/ak.../handlers.test] 
   :String) [], RemoteException
    + FullyQualifiedErrorId : NativeCommandError
 
internal\handlers\family_allocations_test.go:285:6: TestCapacityViolation 
redeclared in this block
	internal\handlers\allocation_api_test.go:382:6: other declaration of 
TestCapacityViolation
internal\handlers\family_allocations_test.go:320:6: TestInventoryExhaustion 
redeclared in this block
	internal\handlers\allocation_api_test.go:409:6: other declaration of 
TestInventoryExhaustion
FAIL	github.com/akashtripathi12/TBO_Backend/internal/handlers [build failed]
FAIL
